Microchip MPLAB XC8 Compiler V2.45

Linker command line:

-W-3 \
  --edf=C:\Program Files\Microchip\xc8\v2.45\pic\dat\20230818022343_en.msgs \
  -cn -h+dist/default/production\teste1.X.production.sym \
  --cmf=dist/default/production\teste1.X.production.cmf -z -Q16F876A \
  -oC:\Users\Tesla\AppData\Local\Temp\xcAsdjk.\driver_tmp_3.o \
  --defsym=__MPLAB_BUILD=1 --fixupoverflow=error \
  -Mdist/default/production/teste1.X.production.map \
  --md=C:\Users\Tesla\AppData\Local\Temp\xcAsdjk.\driver_tmp_0.dat -E1 \
  -ver=XC8 Compiler --acfsm=1493 -ACODE=00h-07FFhx4 -ASTRCODE=00h-01FFFh \
  -ASTRING=00h-0FFhx32 -ACONST=00h-0FFhx32 -AENTRY=00h-0FFhx32 \
  -ACOMMON=070h-07Fh -ABANK0=020h-06Fh -ABANK1=0A0h-0EFh \
  -ABANK2=0110h-016Fh -ABANK3=0190h-01EFh \
  -ARAM=020h-06Fh,0A0h-0EFh,0110h-016Fh,0190h-01EFh \
  -AABS1=020h-07Fh,0A0h-0EFh,0110h-016Fh,0190h-01EFh -ASFR0=00h-01Fh \
  -ASFR1=080h-09Fh -ASFR2=0100h-010Fh -ASFR3=0180h-018Fh \
  -ACONFIG=02007h-02007h -DCONFIG=2 -AIDLOC=02000h-02003h -DIDLOC=2 \
  -AEEDATA=00h-0FFh/02100h -peeprom_data=EEDATA -DEEDATA=2 -DCODE=2 \
  -DSTRCODE=2 -DSTRING=2 -DCONST=2 -DENTRY=2 \
  -preset_vec=00h,intentry=04h,init,end_init -ppowerup=CODE -pcinit=CODE \
  -pfunctab=ENTRY -k \
  C:\Users\Tesla\AppData\Local\Temp\xcAsdjk.\driver_tmp_17.o \
  dist/default/production\teste1.X.production.o 

Object code version is 3.11

Machine type is 16F876A



                Name                               Link     Load   Length Selector   Space Scale
C:\Users\Tesla\AppData\Local\Temp\xcAsdjk.\driver_tmp_17.o
                end_init                              C        C        3        8       0
                reset_vec                             0        0        3        0       0
                config                             2007     2007        1        0       4
dist/default/production\teste1.X.production.o
                cinit                                 F        F       3B        8       0
                intentry                              4        4        8        8       0
                config                             2007     2007        1        0       4
                text24                              642      642       25        8       0
                text23                              216      216       B2        8       0
                text22                              610      610       32        8       0
                text21                              6EC      6EC       11        8       0
                text20                              6A7      6A7       1F        8       0
                text19                              71A      71A        B        8       0
                text18                              740      740        9      E6E       0
                text17                              70D      70D        D        8       0
                text16                              35C      35C       78        8       0
                text15                              4F2      4F2       53        8       0
                text14                              58E      58E       46        8       0
                text13                              5D4      5D4       3C        8       0
                text12                              3D4      3D4       69        8       0
                text11                              43D      43D       5B        8       0
                text10                              6D9      6D9       13        8       0
                text9                               75B      75B        1      E6E       0
                text8                               498      498       5A        8       0
                text7                                4A       4A       EF        8       0
                text6                               667      667       21        8       0
                text5                               688      688       1F        8       0
                text4                               2C8      2C8       94        8       0
                text3                               545      545       49        8       0
                text2                               737      737        9      E6E       0
                text1                               6FD      6FD       10        8       0
                maintext                            139      139       DD        8       0
                cstackBANK0                          20       20       3E       20       1
                cstackCOMMON                         70       70        C       70       1
                clrtext                             751      751        8      E6E       0
                inittext                            6C6      6C6       13        8       0
                dataBANK1                            C0       C0        8       A0       1
                bssBANK1                             A0       A0       20       A0       1
                dataBANK0                            67       67        9       20       1
                bssBANK0                             5E       5E        9       20       1
                dataCOMMON                           7C       7C        2       70       1
                strings                             72E      72E        9      E5C       0
                idataBANK1                          749      749        8      E6E       0
                idataBANK0                          725      725        9        8       0
                idataCOMMON                         759      759        2      E6E       0

TOTAL           Name                               Link     Load   Length     Space
        CLASS   CODE           
                end_init                              C        C        3         0
                cinit                                 F        F       3B         0
                intentry                              4        4        8         0
                reset_vec                             0        0        3         0
                text24                              642      642       25         0
                text23                              216      216       B2         0
                text22                              610      610       32         0
                text21                              6EC      6EC       11         0
                text20                              6A7      6A7       1F         0
                text19                              71A      71A        B         0
                text18                              740      740        9         0
                text17                              70D      70D        D         0
                text16                              35C      35C       78         0
                text15                              4F2      4F2       53         0
                text14                              58E      58E       46         0
                text13                              5D4      5D4       3C         0
                text12                              3D4      3D4       69         0
                text11                              43D      43D       5B         0
                text10                              6D9      6D9       13         0
                text9                               75B      75B        1         0
                text8                               498      498       5A         0
                text7                                4A       4A       EF         0
                text6                               667      667       21         0
                text5                               688      688       1F         0
                text4                               2C8      2C8       94         0
                text3                               545      545       49         0
                text2                               737      737        9         0
                text1                               6FD      6FD       10         0
                maintext                            139      139       DD         0
                clrtext                             751      751        8         0
                inittext                            6C6      6C6       13         0
                idataBANK1                          749      749        8         0
                idataBANK0                          725      725        9         0
                idataCOMMON                         759      759        2         0

        CLASS   STRCODE        

        CLASS   STRING         
                strings                             72E      72E        9         0

        CLASS   CONST          

        CLASS   ENTRY          

        CLASS   COMMON         
                cstackCOMMON                         70       70        C         1
                dataCOMMON                           7C       7C        2         1

        CLASS   BANK0          
                cstackBANK0                          20       20       3E         1
                dataBANK0                            67       67        9         1
                bssBANK0                             5E       5E        9         1

        CLASS   BANK1          
                dataBANK1                            C0       C0        8         1
                bssBANK1                             A0       A0       20         1

        CLASS   BANK2          

        CLASS   BANK3          

        CLASS   RAM            

        CLASS   ABS1           
                abs_s1                               7E       7E        2         1

        CLASS   SFR0           

        CLASS   SFR1           

        CLASS   SFR2           

        CLASS   SFR3           

        CLASS   CONFIG         
                config                             2007     2007        1         4

        CLASS   IDLOC          

        CLASS   EEDATA         

        CLASS   HEAP           

        CLASS   STACK          



SEGMENTS        Name                           Load    Length   Top    Selector   Space  Class     Delta

                reset_vec                      000000  000003  000003         0       0  CODE        2
                intentry                       000004  00072A  00072E         8       0  CODE        2
                cstackBANK0                    000020  000050  000070        20       1  BANK0       1
                cstackCOMMON                   000070  00000E  00007E        70       1  COMMON      1
                bssBANK1                       0000A0  000028  0000C8        A0       1  BANK1       1
                strings                        00072E  000009  000737       E5C       0  STRING      2
                text2                          000737  000025  00075C       E6E       0  CODE        2


UNUSED ADDRESS RANGES

        Name                Unused          Largest block    Delta
        BANK1            00C8-00EF             28           1
        BANK2            0110-016F             60           1
        BANK3            0190-01EF             60           1
        CODE             0003-0003              1           2
                         075C-1FFF            800
        CONST            0003-0003              1           2
                         075C-1FFF            100
        EEDATA           2100-21FF            100           2
        ENTRY            0003-0003              1           2
                         075C-1FFF            100
        IDLOC            2000-2003              4           2
        RAM              00C8-00EF             28           1
                         0110-016F             60
                         0190-01EF             60
        SFR0             0000-001F             20           1
        SFR1             0080-009F             20           1
        SFR2             0100-010F             10           1
        SFR3             0180-018F             10           1
        STRCODE          0003-0003              1           2
                         075C-1FFF           18A4
        STRING           0003-0003              1           2
                         075C-1FFF            100

                                  Symbol Table

?___awdiv                            cstackBANK0  0020
?___awmod                            cstackBANK0  0020
?___lwdiv                            cstackBANK0  0020
?___lwmod                            cstackBANK0  0020
?___wmul                             cstackCOMMON 0070
?_abs                                cstackBANK0  0026
?_sprintf                            cstackBANK0  003A
?_vfprintf                           cstackBANK0  0036
_ADCON1                              (abs)        009F
_CMCON                               (abs)        009C
_CREN                                (abs)        00C4
_INTCONbits                          (abs)        000B
_OPTION_REG                          (abs)        0081
_PIE1bits                            (abs)        008C
_PORTA                               (abs)        0005
_PORTAbits                           (abs)        0005
_PORTB                               (abs)        0006
_PORTBbits                           (abs)        0006
_PORTC                               (abs)        0007
_PORTCbits                           (abs)        0007
_RCIF                                (abs)        0065
_RCREG                               (abs)        001A
_RCSTA                               (abs)        0018
_RCSTAbits                           (abs)        0018
_SPBRG                               (abs)        0099
_T0IF                                (abs)        005A
_T1CONbits                           (abs)        0010
_TMR0                                (abs)        0001
_TRISA                               (abs)        0085
_TRISB                               (abs)        0086
_TRISC                               (abs)        0087
_TRISC6                              (abs)        043E
_TRISC7                              (abs)        043F
_TXIF                                (abs)        0064
_TXREG                               (abs)        0019
_TXSTA                               (abs)        0098
_TXSTAbits                           (abs)        0098
__H__absolute__                      __absolute__ 0000
__Habs1                              abs1         0000
__Hbank0                             bank0        0000
__Hbank1                             bank1        0000
__Hbank2                             bank2        0000
__Hbank3                             bank3        0000
__HbssBANK0                          bssBANK0     0000
__HbssBANK1                          bssBANK1     0000
__Hcinit                             cinit        004A
__Hclrtext                           clrtext      0000
__Hcode                              code         0000
__Hcommon                            common       0000
__Hconfig                            config       2008
__HcstackBANK0                       cstackBANK0  0000
__HcstackCOMMON                      cstackCOMMON 0000
__HdataBANK0                         dataBANK0    0000
__HdataBANK1                         dataBANK1    0000
__HdataCOMMON                        dataCOMMON   0000
__Heeprom_data                       eeprom_data  0000
__Hend_init                          end_init     000F
__Hfunctab                           functab      0000
__Hheap                              heap         0000
__HidataBANK0                        idataBANK0   0000
__HidataBANK1                        idataBANK1   0000
__HidataCOMMON                       idataCOMMON  0000
__Hinit                              init         000C
__Hinittext                          inittext     0000
__Hintentry                          intentry     000C
__Hmaintext                          maintext     0000
__Hpowerup                           powerup      0000
__Hram                               ram          0000
__Hreset_vec                         reset_vec    0003
__Hsfr0                              sfr0         0000
__Hsfr1                              sfr1         0000
__Hsfr2                              sfr2         0000
__Hsfr3                              sfr3         0000
__Hspace_0                           (abs)        075C
__Hspace_1                           (abs)        00C8
__Hspace_2                           (abs)        0000
__Hspace_3                           (abs)        0000
__Hspace_4                           (abs)        400F
__Hstack                             stack        0000
__Hstrings                           strings      0000
__Htext                              text         0000
__L__absolute__                      __absolute__ 0000
__Labs1                              abs1         0000
__Lbank0                             bank0        0000
__Lbank1                             bank1        0000
__Lbank2                             bank2        0000
__Lbank3                             bank3        0000
__LbssBANK0                          bssBANK0     0000
__LbssBANK1                          bssBANK1     0000
__Lcinit                             cinit        000F
__Lclrtext                           clrtext      0000
__Lcode                              code         0000
__Lcommon                            common       0000
__Lconfig                            config       0000
__LcstackBANK0                       cstackBANK0  0000
__LcstackCOMMON                      cstackCOMMON 0000
__LdataBANK0                         dataBANK0    0000
__LdataBANK1                         dataBANK1    0000
__LdataCOMMON                        dataCOMMON   0000
__Leeprom_data                       eeprom_data  0000
__Lend_init                          end_init     000C
__Lfunctab                           functab      0000
__Lheap                              heap         0000
__LidataBANK0                        idataBANK0   0000
__LidataBANK1                        idataBANK1   0000
__LidataCOMMON                       idataCOMMON  0000
__Linit                              init         000C
__Linittext                          inittext     0000
__Lintentry                          intentry     0004
__Lmaintext                          maintext     0000
__Lpowerup                           powerup      0000
__Lram                               ram          0000
__Lreset_vec                         reset_vec    0000
__Lsfr0                              sfr0         0000
__Lsfr1                              sfr1         0000
__Lsfr2                              sfr2         0000
__Lsfr3                              sfr3         0000
__Lspace_0                           (abs)        0000
__Lspace_1                           (abs)        0000
__Lspace_2                           (abs)        0000
__Lspace_3                           (abs)        0000
__Lspace_4                           (abs)        0000
__Lstack                             stack        0000
__Lstrings                           strings      0000
__Ltext                              text         0000
__S0                                 (abs)        075C
__S1                                 (abs)        00C8
__S3                                 (abs)        0000
___awdiv                             text12       03D4
___awdiv@counter                     cstackBANK0  0024
___awdiv@dividend                    cstackBANK0  0022
___awdiv@divisor                     cstackBANK0  0020
___awdiv@quotient                    cstackBANK0  0026
___awdiv@sign                        cstackBANK0  0025
___awmod                             text11       043D
___awmod@counter                     cstackBANK0  0024
___awmod@dividend                    cstackBANK0  0022
___awmod@divisor                     cstackBANK0  0020
___awmod@sign                        cstackBANK0  0025
___heap_hi                           (abs)        0000
___heap_lo                           (abs)        0000
___int_sp                            stack        0000
___int_stack_hi                      stack        0000
___int_stack_lo                      stack        0000
___latbits                           (abs)        0002
___lwdiv                             text14       058E
___lwdiv@counter                     cstackBANK0  0026
___lwdiv@dividend                    cstackBANK0  0022
___lwdiv@divisor                     cstackBANK0  0020
___lwdiv@quotient                    cstackBANK0  0024
___lwmod                             text13       05D4
___lwmod@counter                     cstackBANK0  0024
___lwmod@dividend                    cstackBANK0  0022
___lwmod@divisor                     cstackBANK0  0020
___sp                                stack        0000
___stack_hi                          stack        0000
___stack_lo                          stack        0000
___stackhi                           (abs)        0000
___stacklo                           (abs)        0000
___wmul                              text24       0642
___wmul@multiplicand                 cstackCOMMON 0072
___wmul@multiplier                   cstackCOMMON 0070
___wmul@product                      cstackCOMMON 0074
__end_of___awdiv                     text12       043D
__end_of___awmod                     text11       0498
__end_of___lwdiv                     text14       05D4
__end_of___lwmod                     text13       0610
__end_of___wmul                      text24       0667
__end_of__initialization             cinit        0046
__end_of__stringtab                  strings      0734
__end_of_abs                         text10       06EC
__end_of_beep                        text22       0642
__end_of_change_multiplier           text20       06C6
__end_of_config_global_interruptions text17       071A
__end_of_config_timer_interruption   text19       0725
__end_of_config_uart_interruption    text18       0749
__end_of_counters_reset              text21       06FD
__end_of_disp_config_mode            text15       0545
__end_of_disp_print                  text4        035C
__end_of_disp_set_byte               text16       03D4
__end_of_disp_show_end               text3        058E
__end_of_fputc                       text8        04F2
__end_of_main                        maintext     0216
__end_of_my_interruptions            text23       02C8
__end_of_putch                       text9        075C
__end_of_sprintf                     text5        06A7
__end_of_trigger_relay               text2        0740
__end_of_uart_init                   text1        070D
__end_of_vfpfcnvrt                   text7        0139
__end_of_vfprintf                    text6        0688
__initialization                     cinit        000F
__pbssBANK0                          bssBANK0     005E
__pbssBANK1                          bssBANK1     00A0
__pcstackBANK0                       cstackBANK0  0020
__pcstackCOMMON                      cstackCOMMON 0070
__pdataBANK0                         dataBANK0    0067
__pdataBANK1                         dataBANK1    00C0
__pdataCOMMON                        dataCOMMON   007C
__pidataBANK0                        idataBANK0   0725
__pidataBANK1                        idataBANK1   0749
__pidataCOMMON                       idataCOMMON  0759
__pintentry                          intentry     0004
__pmaintext                          maintext     0139
__pstrings                           strings      072E
__ptext1                             text1        06FD
__ptext10                            text10       06D9
__ptext11                            text11       043D
__ptext12                            text12       03D4
__ptext13                            text13       05D4
__ptext14                            text14       058E
__ptext15                            text15       04F2
__ptext16                            text16       035C
__ptext17                            text17       070D
__ptext18                            text18       0740
__ptext19                            text19       071A
__ptext2                             text2        0737
__ptext20                            text20       06A7
__ptext21                            text21       06EC
__ptext22                            text22       0610
__ptext23                            text23       0216
__ptext24                            text24       0642
__ptext3                             text3        0545
__ptext4                             text4        02C8
__ptext5                             text5        0688
__ptext6                             text6        0667
__ptext7                             text7        004A
__ptext8                             text8        0498
__ptext9                             text9        075B
__stringbase                         strings      0733
__stringtab                          strings      072E
_abs                                 text10       06D9
_beep                                text22       0610
_button_timer_count                  dataBANK0    006E
_change_multiplier                   text20       06A7
_config_global_interruptions         text17       070D
_config_mode_value                   dataBANK0    006C
_config_timer_interruption           text19       071A
_config_uart_interruption            text18       0740
_counters_reset                      text21       06EC
_dbuf                                bssBANK1     00A0
_decrement_wait_time_multiplier      dataCOMMON   007C
_disp_config_mode                    text15       04F2
_disp_print                          text4        02C8
_disp_set_byte                       text16       035C
_disp_show_end                       text3        0545
_display_value                       bssBANK0     0062
_flags                               bssBANK0     0064
_fputc                               text8        0498
_is_active_count                     bssBANK0     0065
_is_enabled_bip                      bssBANK0     0066
_last_decrement_wait_time_multiplier dataBANK0    006A
_main                                maintext     0139
_my_interruptions                    text23       0216
_prec                                bssBANK0     0060
_putch                               text9        075B
_sprintf                             text5        0688
_tick_timer_count                    dataBANK1    00C4
_trigger_relay                       text2        0737
_uart_init                           text1        06FD
_vfpfcnvrt                           text7        004A
_vfprintf                            text6        0667
_width                               bssBANK0     005E
abs@a                                cstackBANK0  0026
btemp                                (abs)        007E
clear_ram0                           clrtext      0751
disp_config_mode@F1269               dataBANK1    00C0
disp_config_mode@config_number       cstackBANK0  0023
disp_config_mode@configs             cstackBANK0  0027
disp_print@array_digits              cstackBANK0  004F
disp_print@aux_number                cstackBANK0  0059
disp_print@count                     cstackBANK0  0053
disp_print@i                         cstackBANK0  0057
disp_print@number                    cstackBANK0  004B
disp_print@number_of_digits          cstackBANK0  0055
disp_set_byte@byte                   cstackBANK0  0022
disp_show_end@F1274                  dataBANK0    0067
disp_show_end@bytes                  cstackBANK0  0025
disp_show_end@i                      cstackBANK0  0028
end_of_initialization                cinit        0046
fputc@c                              cstackBANK0  0020
fputc@fp                             cstackBANK0  0022
init_fetch0                          inittext     06C6
init_ram0                            inittext     06CA
interrupt_function                   intentry     0004
intlevel0                            functab      0000
intlevel1                            functab      0000
intlevel2                            functab      0000
intlevel3                            functab      0000
intlevel4                            functab      0000
intlevel5                            functab      0000
reset_vec                            reset_vec    0000
saved_w                              (abs)        007E
sprintf@ap                           cstackBANK0  003E
sprintf@f                            cstackBANK0  0040
sprintf@fmt                          cstackBANK0  003A
sprintf@s                            cstackBANK0  003F
start                                init         000C
start_initialization                 cinit        000F
vfpfcnvrt@ap                         cstackBANK0  002B
vfpfcnvrt@c                          cstackBANK0  0035
vfpfcnvrt@convarg                    cstackBANK0  0031
vfpfcnvrt@cp                         cstackBANK0  0030
vfpfcnvrt@done                       cstackBANK0  002E
vfpfcnvrt@fmt                        cstackBANK0  002A
vfpfcnvrt@fp                         cstackBANK0  002F
vfprintf@ap                          cstackBANK0  0037
vfprintf@cfmt                        cstackBANK0  0039
vfprintf@fmt                         cstackBANK0  0036
vfprintf@fp                          cstackBANK0  0038
wtemp0                               (abs)        007E


MODULE INFORMATION

Module		Function		Class		Link	Load	Size
C:\Program Files\Microchip\xc8\v2.45\pic\sources\c99\common\Umul16.c
		___wmul        		CODE           	0642	0000	37

C:\Program Files\Microchip\xc8\v2.45\pic\sources\c99\common\Umul16.c estimated size: 37

C:\Program Files\Microchip\xc8\v2.45\pic\sources\c99\common\nf_sprintf.c
		_sprintf       		CODE           	0688	0000	31

C:\Program Files\Microchip\xc8\v2.45\pic\sources\c99\common\nf_sprintf.c estimated size: 31

common_anode_display.c
		_disp_print    		CODE           	02C8	0000	148
		_disp_set_byte 		CODE           	035C	0000	120
		_disp_show_end 		CODE           	0545	0000	73
		_disp_config_mode		CODE           	04F2	0000	83

common_anode_display.c estimated size: 424

C:\Program Files\Microchip\xc8\v2.45\pic\sources\c99\common\lwmod.c
		___lwmod       		CODE           	05D4	0000	60

C:\Program Files\Microchip\xc8\v2.45\pic\sources\c99\common\lwmod.c estimated size: 60

C:\Program Files\Microchip\xc8\v2.45\pic\sources\c99\common\awmod.c
		___awmod       		CODE           	043D	0000	91

C:\Program Files\Microchip\xc8\v2.45\pic\sources\c99\common\awmod.c estimated size: 91

C:\Program Files\Microchip\xc8\v2.45\pic\sources\c99\common\putch.c
		_putch         		CODE           	075B	0000	1

C:\Program Files\Microchip\xc8\v2.45\pic\sources\c99\common\putch.c estimated size: 1

shared
		__stringtab    		STRING         	072E	0000	6
		__initialization		CODE           	000F	0000	55

shared estimated size: 61

C:\Program Files\Microchip\xc8\v2.45\pic\sources\c99\common\abs.c
		_abs           		CODE           	06D9	0000	19

C:\Program Files\Microchip\xc8\v2.45\pic\sources\c99\common\abs.c estimated size: 19

interruptions.c
		_config_global_interruptions		CODE           	070D	0000	13
		_config_uart_interruption		CODE           	0740	0000	9
		_config_timer_interruption		CODE           	071A	0000	11

interruptions.c estimated size: 33

main.c
		_change_multiplier		CODE           	06A7	0000	31
		_trigger_relay 		CODE           	0737	0000	9
		_beep          		CODE           	0610	0000	50
		_main          		CODE           	0139	0000	221
		_counters_reset		CODE           	06EC	0000	17
		_my_interruptions		CODE           	0216	0000	178

main.c estimated size: 506

C:\Program Files\Microchip\xc8\v2.45\pic\sources\c99\common\nf_fputc.c
		_fputc         		CODE           	0498	0000	90

C:\Program Files\Microchip\xc8\v2.45\pic\sources\c99\common\nf_fputc.c estimated size: 90

C:\Program Files\Microchip\xc8\v2.45\pic\sources\c99\common\doprnt.c
		_vfpfcnvrt     		CODE           	004A	0000	239
		_vfprintf      		CODE           	0667	0000	33

C:\Program Files\Microchip\xc8\v2.45\pic\sources\c99\common\doprnt.c estimated size: 272

C:\Program Files\Microchip\xc8\v2.45\pic\sources\c99\common\lwdiv.c
		___lwdiv       		CODE           	058E	0000	70

C:\Program Files\Microchip\xc8\v2.45\pic\sources\c99\common\lwdiv.c estimated size: 70

C:\Program Files\Microchip\xc8\v2.45\pic\sources\c99\common\awdiv.c
		___awdiv       		CODE           	03D4	0000	105

C:\Program Files\Microchip\xc8\v2.45\pic\sources\c99\common\awdiv.c estimated size: 105

uart_interface.c
		_uart_init     		CODE           	06FD	0000	16

uart_interface.c estimated size: 16

