Microchip MPLAB XC8 Compiler V2.45

Linker command line:

-W-3 \
  --edf=C:\Program Files\Microchip\xc8\v2.45\pic\dat\20230818022343_en.msgs \
  -cn -h+dist/default/production\teste1.X.production.sym \
  --cmf=dist/default/production\teste1.X.production.cmf -z -Q16F876A \
  -oC:\Users\Tesla\AppData\Local\Temp\xcAs3qs.\driver_tmp_3.o \
  --defsym=__MPLAB_BUILD=1 --fixupoverflow=error \
  -Mdist/default/production/teste1.X.production.map \
  --md=C:\Users\Tesla\AppData\Local\Temp\xcAs3qs.\driver_tmp_0.dat -E1 \
  -ver=XC8 Compiler --acfsm=1493 -ACODE=00h-07FFhx4 -ASTRCODE=00h-01FFFh \
  -ASTRING=00h-0FFhx32 -ACONST=00h-0FFhx32 -AENTRY=00h-0FFhx32 \
  -ACOMMON=070h-07Fh -ABANK0=020h-06Fh -ABANK1=0A0h-0EFh \
  -ABANK2=0110h-016Fh -ABANK3=0190h-01EFh \
  -ARAM=020h-06Fh,0A0h-0EFh,0110h-016Fh,0190h-01EFh \
  -AABS1=020h-07Fh,0A0h-0EFh,0110h-016Fh,0190h-01EFh -ASFR0=00h-01Fh \
  -ASFR1=080h-09Fh -ASFR2=0100h-010Fh -ASFR3=0180h-018Fh \
  -ACONFIG=02007h-02007h -DCONFIG=2 -AIDLOC=02000h-02003h -DIDLOC=2 \
  -AEEDATA=00h-0FFh/02100h -peeprom_data=EEDATA -DEEDATA=2 -DCODE=2 \
  -DSTRCODE=2 -DSTRING=2 -DCONST=2 -DENTRY=2 \
  -preset_vec=00h,intentry=04h,init,end_init -ppowerup=CODE -pcinit=CODE \
  -pfunctab=ENTRY -k \
  C:\Users\Tesla\AppData\Local\Temp\xcAs3qs.\driver_tmp_17.o \
  dist/default/production\teste1.X.production.o 

Object code version is 3.11

Machine type is 16F876A



                Name                               Link     Load   Length Selector   Space Scale
C:\Users\Tesla\AppData\Local\Temp\xcAs3qs.\driver_tmp_17.o
                end_init                              C        C        3        8       0
                reset_vec                             0        0        3        0       0
                config                             2007     2007        1        0       4
dist/default/production\teste1.X.production.o
                cinit                                 F        F       3B        8       0
                intentry                              4        4        8        8       0
                config                             2007     2007        1        0       4
                text22                              5E1      5E1       25        8       0
                text21                              5B2      5B2       2F        8       0
                text20                              1F7      1F7       BB        8       0
                text19                              6A5      6A5        B        8       0
                text18                              6CC      6CC        9      D86       0
                text17                              698      698        D        8       0
                text16                              646      646       1C        8       0
                text15                              351      351       72        8       0
                text14                              4E1      4E1       4F        8       0
                text13                              530      530       46        8       0
                text12                              576      576       3C        8       0
                text11                              3C3      3C3       69        8       0
                text10                              42C      42C       5B        8       0
                text9                               675      675       13        8       0
                text8                               6E3      6E3        1      D86       0
                text7                               487      487       5A        8       0
                text6                                4A       4A       EF        8       0
                text5                               606      606       21        8       0
                text4                               627      627       1F        8       0
                text3                               2B2      2B2       9F        8       0
                text2                               6C3      6C3        9      D86       0
                text1                               688      688       10        8       0
                maintext                            139      139       BE        8       0
                cstackBANK0                          20       20       3E       20       1
                cstackCOMMON                         70       70        C       70       1
                clrtext                             6D5      6D5        8      D86       0
                inittext                            662      662       13        8       0
                dataBANK1                            C0       C0        4       A0       1
                bssBANK1                             A0       A0       20       A0       1
                dataBANK0                            5E       5E        A       20       1
                bssBANK0                             68       68        8       20       1
                dataCOMMON                           7C       7C        2       70       1
                strings                             6BA      6BA        9      D74       0
                idataBANK1                          6DD      6DD        4      D86       0
                idataBANK0                          6B0      6B0        A        8       0
                idataCOMMON                         6E1      6E1        2      D86       0

TOTAL           Name                               Link     Load   Length     Space
        CLASS   CODE           
                end_init                              C        C        3         0
                cinit                                 F        F       3B         0
                intentry                              4        4        8         0
                reset_vec                             0        0        3         0
                text22                              5E1      5E1       25         0
                text21                              5B2      5B2       2F         0
                text20                              1F7      1F7       BB         0
                text19                              6A5      6A5        B         0
                text18                              6CC      6CC        9         0
                text17                              698      698        D         0
                text16                              646      646       1C         0
                text15                              351      351       72         0
                text14                              4E1      4E1       4F         0
                text13                              530      530       46         0
                text12                              576      576       3C         0
                text11                              3C3      3C3       69         0
                text10                              42C      42C       5B         0
                text9                               675      675       13         0
                text8                               6E3      6E3        1         0
                text7                               487      487       5A         0
                text6                                4A       4A       EF         0
                text5                               606      606       21         0
                text4                               627      627       1F         0
                text3                               2B2      2B2       9F         0
                text2                               6C3      6C3        9         0
                text1                               688      688       10         0
                maintext                            139      139       BE         0
                clrtext                             6D5      6D5        8         0
                inittext                            662      662       13         0
                idataBANK1                          6DD      6DD        4         0
                idataBANK0                          6B0      6B0        A         0
                idataCOMMON                         6E1      6E1        2         0

        CLASS   STRCODE        

        CLASS   STRING         
                strings                             6BA      6BA        9         0

        CLASS   CONST          

        CLASS   ENTRY          

        CLASS   COMMON         
                cstackCOMMON                         70       70        C         1
                dataCOMMON                           7C       7C        2         1

        CLASS   BANK0          
                cstackBANK0                          20       20       3E         1
                dataBANK0                            5E       5E        A         1
                bssBANK0                             68       68        8         1

        CLASS   BANK1          
                dataBANK1                            C0       C0        4         1
                bssBANK1                             A0       A0       20         1

        CLASS   BANK2          

        CLASS   BANK3          

        CLASS   RAM            

        CLASS   ABS1           
                abs_s1                               7E       7E        2         1

        CLASS   SFR0           

        CLASS   SFR1           

        CLASS   SFR2           

        CLASS   SFR3           

        CLASS   CONFIG         
                config                             2007     2007        1         4

        CLASS   IDLOC          

        CLASS   EEDATA         

        CLASS   HEAP           

        CLASS   STACK          



SEGMENTS        Name                           Load    Length   Top    Selector   Space  Class     Delta

                reset_vec                      000000  000003  000003         0       0  CODE        2
                intentry                       000004  0006B6  0006BA         8       0  CODE        2
                cstackBANK0                    000020  000050  000070        20       1  BANK0       1
                cstackCOMMON                   000070  00000E  00007E        70       1  COMMON      1
                bssBANK1                       0000A0  000024  0000C4        A0       1  BANK1       1
                strings                        0006BA  000009  0006C3       D74       0  STRING      2
                text2                          0006C3  000021  0006E4       D86       0  CODE        2


UNUSED ADDRESS RANGES

        Name                Unused          Largest block    Delta
        BANK1            00C4-00EF             2C           1
        BANK2            0110-016F             60           1
        BANK3            0190-01EF             60           1
        CODE             0003-0003              1           2
                         06E4-1FFF            800
        CONST            0003-0003              1           2
                         06E4-1FFF            100
        EEDATA           2100-21FF            100           2
        ENTRY            0003-0003              1           2
                         06E4-1FFF            100
        IDLOC            2000-2003              4           2
        RAM              00C4-00EF             2C           1
                         0110-016F             60
                         0190-01EF             60
        SFR0             0000-001F             20           1
        SFR1             0080-009F             20           1
        SFR2             0100-010F             10           1
        SFR3             0180-018F             10           1
        STRCODE          0003-0003              1           2
                         06E4-1FFF           191C
        STRING           0003-0003              1           2
                         06E4-1FFF            100

                                  Symbol Table

?___awdiv                            cstackBANK0  0020
?___awmod                            cstackBANK0  0020
?___lwdiv                            cstackBANK0  0020
?___lwmod                            cstackBANK0  0020
?___wmul                             cstackCOMMON 0070
?_abs                                cstackBANK0  0026
?_sprintf                            cstackBANK0  003A
?_vfprintf                           cstackBANK0  0036
_ADCON1                              (abs)        009F
_CMCON                               (abs)        009C
_CREN                                (abs)        00C4
_INTCONbits                          (abs)        000B
_OPTION_REG                          (abs)        0081
_PIE1bits                            (abs)        008C
_PORTA                               (abs)        0005
_PORTAbits                           (abs)        0005
_PORTB                               (abs)        0006
_PORTBbits                           (abs)        0006
_PORTC                               (abs)        0007
_PORTCbits                           (abs)        0007
_RCIF                                (abs)        0065
_RCREG                               (abs)        001A
_RCSTA                               (abs)        0018
_RCSTAbits                           (abs)        0018
_SPBRG                               (abs)        0099
_T0IF                                (abs)        005A
_T1CONbits                           (abs)        0010
_TMR0                                (abs)        0001
_TRISA                               (abs)        0085
_TRISB                               (abs)        0086
_TRISC                               (abs)        0087
_TRISC6                              (abs)        043E
_TRISC7                              (abs)        043F
_TXIF                                (abs)        0064
_TXREG                               (abs)        0019
_TXSTA                               (abs)        0098
_TXSTAbits                           (abs)        0098
__H__absolute__                      __absolute__ 0000
__Habs1                              abs1         0000
__Hbank0                             bank0        0000
__Hbank1                             bank1        0000
__Hbank2                             bank2        0000
__Hbank3                             bank3        0000
__HbssBANK0                          bssBANK0     0000
__HbssBANK1                          bssBANK1     0000
__Hcinit                             cinit        004A
__Hclrtext                           clrtext      0000
__Hcode                              code         0000
__Hcommon                            common       0000
__Hconfig                            config       2008
__HcstackBANK0                       cstackBANK0  0000
__HcstackCOMMON                      cstackCOMMON 0000
__HdataBANK0                         dataBANK0    0000
__HdataBANK1                         dataBANK1    0000
__HdataCOMMON                        dataCOMMON   0000
__Heeprom_data                       eeprom_data  0000
__Hend_init                          end_init     000F
__Hfunctab                           functab      0000
__Hheap                              heap         0000
__HidataBANK0                        idataBANK0   0000
__HidataBANK1                        idataBANK1   0000
__HidataCOMMON                       idataCOMMON  0000
__Hinit                              init         000C
__Hinittext                          inittext     0000
__Hintentry                          intentry     000C
__Hmaintext                          maintext     0000
__Hpowerup                           powerup      0000
__Hram                               ram          0000
__Hreset_vec                         reset_vec    0003
__Hsfr0                              sfr0         0000
__Hsfr1                              sfr1         0000
__Hsfr2                              sfr2         0000
__Hsfr3                              sfr3         0000
__Hspace_0                           (abs)        06E4
__Hspace_1                           (abs)        00C4
__Hspace_2                           (abs)        0000
__Hspace_3                           (abs)        0000
__Hspace_4                           (abs)        400F
__Hstack                             stack        0000
__Hstrings                           strings      0000
__Htext                              text         0000
__L__absolute__                      __absolute__ 0000
__Labs1                              abs1         0000
__Lbank0                             bank0        0000
__Lbank1                             bank1        0000
__Lbank2                             bank2        0000
__Lbank3                             bank3        0000
__LbssBANK0                          bssBANK0     0000
__LbssBANK1                          bssBANK1     0000
__Lcinit                             cinit        000F
__Lclrtext                           clrtext      0000
__Lcode                              code         0000
__Lcommon                            common       0000
__Lconfig                            config       0000
__LcstackBANK0                       cstackBANK0  0000
__LcstackCOMMON                      cstackCOMMON 0000
__LdataBANK0                         dataBANK0    0000
__LdataBANK1                         dataBANK1    0000
__LdataCOMMON                        dataCOMMON   0000
__Leeprom_data                       eeprom_data  0000
__Lend_init                          end_init     000C
__Lfunctab                           functab      0000
__Lheap                              heap         0000
__LidataBANK0                        idataBANK0   0000
__LidataBANK1                        idataBANK1   0000
__LidataCOMMON                       idataCOMMON  0000
__Linit                              init         000C
__Linittext                          inittext     0000
__Lintentry                          intentry     0004
__Lmaintext                          maintext     0000
__Lpowerup                           powerup      0000
__Lram                               ram          0000
__Lreset_vec                         reset_vec    0000
__Lsfr0                              sfr0         0000
__Lsfr1                              sfr1         0000
__Lsfr2                              sfr2         0000
__Lsfr3                              sfr3         0000
__Lspace_0                           (abs)        0000
__Lspace_1                           (abs)        0000
__Lspace_2                           (abs)        0000
__Lspace_3                           (abs)        0000
__Lspace_4                           (abs)        0000
__Lstack                             stack        0000
__Lstrings                           strings      0000
__Ltext                              text         0000
__S0                                 (abs)        06E4
__S1                                 (abs)        00C4
__S3                                 (abs)        0000
___awdiv                             text11       03C3
___awdiv@counter                     cstackBANK0  0024
___awdiv@dividend                    cstackBANK0  0022
___awdiv@divisor                     cstackBANK0  0020
___awdiv@quotient                    cstackBANK0  0026
___awdiv@sign                        cstackBANK0  0025
___awmod                             text10       042C
___awmod@counter                     cstackBANK0  0024
___awmod@dividend                    cstackBANK0  0022
___awmod@divisor                     cstackBANK0  0020
___awmod@sign                        cstackBANK0  0025
___heap_hi                           (abs)        0000
___heap_lo                           (abs)        0000
___int_sp                            stack        0000
___int_stack_hi                      stack        0000
___int_stack_lo                      stack        0000
___latbits                           (abs)        0002
___lwdiv                             text13       0530
___lwdiv@counter                     cstackBANK0  0026
___lwdiv@dividend                    cstackBANK0  0022
___lwdiv@divisor                     cstackBANK0  0020
___lwdiv@quotient                    cstackBANK0  0024
___lwmod                             text12       0576
___lwmod@counter                     cstackBANK0  0024
___lwmod@dividend                    cstackBANK0  0022
___lwmod@divisor                     cstackBANK0  0020
___sp                                stack        0000
___stack_hi                          stack        0000
___stack_lo                          stack        0000
___stackhi                           (abs)        0000
___stacklo                           (abs)        0000
___wmul                              text22       05E1
___wmul@multiplicand                 cstackCOMMON 0072
___wmul@multiplier                   cstackCOMMON 0070
___wmul@product                      cstackCOMMON 0074
__end_of___awdiv                     text11       042C
__end_of___awmod                     text10       0487
__end_of___lwdiv                     text13       0576
__end_of___lwmod                     text12       05B2
__end_of___wmul                      text22       0606
__end_of__initialization             cinit        0046
__end_of__stringtab                  strings      06C0
__end_of_abs                         text9        0688
__end_of_bip                         text21       05E1
__end_of_config_global_interruptions text17       06A5
__end_of_config_timer_interruption   text19       06B0
__end_of_config_uart_interruption    text18       06D5
__end_of_counters_reset              text16       0662
__end_of_disp_config_mode            text14       0530
__end_of_disp_print                  text3        0351
__end_of_disp_set_byte               text15       03C3
__end_of_fputc                       text7        04E1
__end_of_main                        maintext     01F7
__end_of_my_interruptions            text20       02B2
__end_of_putch                       text8        06E4
__end_of_sprintf                     text4        0646
__end_of_trigger_relay               text2        06CC
__end_of_uart_init                   text1        0698
__end_of_vfpfcnvrt                   text6        0139
__end_of_vfprintf                    text5        0627
__initialization                     cinit        000F
__pbssBANK0                          bssBANK0     0068
__pbssBANK1                          bssBANK1     00A0
__pcstackBANK0                       cstackBANK0  0020
__pcstackCOMMON                      cstackCOMMON 0070
__pdataBANK0                         dataBANK0    005E
__pdataBANK1                         dataBANK1    00C0
__pdataCOMMON                        dataCOMMON   007C
__pidataBANK0                        idataBANK0   06B0
__pidataBANK1                        idataBANK1   06DD
__pidataCOMMON                       idataCOMMON  06E1
__pintentry                          intentry     0004
__pmaintext                          maintext     0139
__pstrings                           strings      06BA
__ptext1                             text1        0688
__ptext10                            text10       042C
__ptext11                            text11       03C3
__ptext12                            text12       0576
__ptext13                            text13       0530
__ptext14                            text14       04E1
__ptext15                            text15       0351
__ptext16                            text16       0646
__ptext17                            text17       0698
__ptext18                            text18       06CC
__ptext19                            text19       06A5
__ptext2                             text2        06C3
__ptext20                            text20       01F7
__ptext21                            text21       05B2
__ptext22                            text22       05E1
__ptext3                             text3        02B2
__ptext4                             text4        0627
__ptext5                             text5        0606
__ptext6                             text6        004A
__ptext7                             text7        0487
__ptext8                             text8        06E3
__ptext9                             text9        0675
__stringbase                         strings      06BF
__stringtab                          strings      06BA
_abs                                 text9        0675
_bip                                 text21       05B2
_button_timer_count                  dataBANK0    0066
_config_global_interruptions         text17       0698
_config_mode_value                   dataBANK0    0064
_config_timer_interruption           text19       06A5
_config_uart_interruption            text18       06CC
_counters_reset                      text16       0646
_dbuf                                bssBANK1     00A0
_decrement_wait_time_multiplier      dataCOMMON   007C
_disp_config_mode                    text14       04E1
_disp_print                          text3        02B2
_disp_set_byte                       text15       0351
_display_value                       bssBANK0     006C
_flags                               bssBANK0     006E
_fputc                               text7        0487
_is_enabled_bip                      bssBANK0     006F
_last_decrement_wait_time_multiplier dataBANK0    0062
_main                                maintext     0139
_my_interruptions                    text20       01F7
_prec                                bssBANK0     006A
_putch                               text8        06E3
_sprintf                             text4        0627
_tick_timer_count                    dataBANK0    005E
_trigger_relay                       text2        06C3
_uart_init                           text1        0688
_vfpfcnvrt                           text6        004A
_vfprintf                            text5        0606
_width                               bssBANK0     0068
abs@a                                cstackBANK0  0026
btemp                                (abs)        007E
clear_ram0                           clrtext      06D5
disp_config_mode@F1268               dataBANK1    00C0
disp_config_mode@config_number       cstackBANK0  0023
disp_config_mode@configs             cstackBANK0  0027
disp_print@array_digits              cstackBANK0  004F
disp_print@aux_number                cstackBANK0  0057
disp_print@count                     cstackBANK0  0053
disp_print@i                         cstackBANK0  0059
disp_print@number                    cstackBANK0  004B
disp_print@number_of_digits          cstackBANK0  0055
disp_set_byte@byte                   cstackBANK0  0022
end_of_initialization                cinit        0046
fputc@c                              cstackBANK0  0020
fputc@fp                             cstackBANK0  0022
init_fetch0                          inittext     0662
init_ram0                            inittext     0666
interrupt_function                   intentry     0004
intlevel0                            functab      0000
intlevel1                            functab      0000
intlevel2                            functab      0000
intlevel3                            functab      0000
intlevel4                            functab      0000
intlevel5                            functab      0000
reset_vec                            reset_vec    0000
saved_w                              (abs)        007E
sprintf@ap                           cstackBANK0  003E
sprintf@f                            cstackBANK0  0040
sprintf@fmt                          cstackBANK0  003A
sprintf@s                            cstackBANK0  003F
start                                init         000C
start_initialization                 cinit        000F
vfpfcnvrt@ap                         cstackBANK0  002B
vfpfcnvrt@c                          cstackBANK0  0035
vfpfcnvrt@convarg                    cstackBANK0  0031
vfpfcnvrt@cp                         cstackBANK0  0030
vfpfcnvrt@done                       cstackBANK0  002E
vfpfcnvrt@fmt                        cstackBANK0  002A
vfpfcnvrt@fp                         cstackBANK0  002F
vfprintf@ap                          cstackBANK0  0037
vfprintf@cfmt                        cstackBANK0  0039
vfprintf@fmt                         cstackBANK0  0036
vfprintf@fp                          cstackBANK0  0038
wtemp0                               (abs)        007E


MODULE INFORMATION

Module		Function		Class		Link	Load	Size
C:\Program Files\Microchip\xc8\v2.45\pic\sources\c99\common\Umul16.c
		___wmul        		CODE           	05E1	0000	37

C:\Program Files\Microchip\xc8\v2.45\pic\sources\c99\common\Umul16.c estimated size: 37

C:\Program Files\Microchip\xc8\v2.45\pic\sources\c99\common\nf_sprintf.c
		_sprintf       		CODE           	0627	0000	31

C:\Program Files\Microchip\xc8\v2.45\pic\sources\c99\common\nf_sprintf.c estimated size: 31

common_anode_display.c
		_disp_print    		CODE           	02B2	0000	159
		_disp_set_byte 		CODE           	0351	0000	114
		_disp_config_mode		CODE           	04E1	0000	79

common_anode_display.c estimated size: 352

C:\Program Files\Microchip\xc8\v2.45\pic\sources\c99\common\lwmod.c
		___lwmod       		CODE           	0576	0000	60

C:\Program Files\Microchip\xc8\v2.45\pic\sources\c99\common\lwmod.c estimated size: 60

C:\Program Files\Microchip\xc8\v2.45\pic\sources\c99\common\awmod.c
		___awmod       		CODE           	042C	0000	91

C:\Program Files\Microchip\xc8\v2.45\pic\sources\c99\common\awmod.c estimated size: 91

C:\Program Files\Microchip\xc8\v2.45\pic\sources\c99\common\putch.c
		_putch         		CODE           	06E3	0000	1

C:\Program Files\Microchip\xc8\v2.45\pic\sources\c99\common\putch.c estimated size: 1

shared
		__stringtab    		STRING         	06BA	0000	6
		__initialization		CODE           	000F	0000	55

shared estimated size: 61

C:\Program Files\Microchip\xc8\v2.45\pic\sources\c99\common\abs.c
		_abs           		CODE           	0675	0000	19

C:\Program Files\Microchip\xc8\v2.45\pic\sources\c99\common\abs.c estimated size: 19

interruptions.c
		_config_global_interruptions		CODE           	0698	0000	13
		_config_uart_interruption		CODE           	06CC	0000	9
		_config_timer_interruption		CODE           	06A5	0000	11

interruptions.c estimated size: 33

main.c
		_trigger_relay 		CODE           	06C3	0000	9
		_bip           		CODE           	05B2	0000	47
		_main          		CODE           	0139	0000	190
		_counters_reset		CODE           	0646	0000	28
		_my_interruptions		CODE           	01F7	0000	187

main.c estimated size: 461

C:\Program Files\Microchip\xc8\v2.45\pic\sources\c99\common\nf_fputc.c
		_fputc         		CODE           	0487	0000	90

C:\Program Files\Microchip\xc8\v2.45\pic\sources\c99\common\nf_fputc.c estimated size: 90

C:\Program Files\Microchip\xc8\v2.45\pic\sources\c99\common\doprnt.c
		_vfpfcnvrt     		CODE           	004A	0000	239
		_vfprintf      		CODE           	0606	0000	33

C:\Program Files\Microchip\xc8\v2.45\pic\sources\c99\common\doprnt.c estimated size: 272

C:\Program Files\Microchip\xc8\v2.45\pic\sources\c99\common\lwdiv.c
		___lwdiv       		CODE           	0530	0000	70

C:\Program Files\Microchip\xc8\v2.45\pic\sources\c99\common\lwdiv.c estimated size: 70

C:\Program Files\Microchip\xc8\v2.45\pic\sources\c99\common\awdiv.c
		___awdiv       		CODE           	03C3	0000	105

C:\Program Files\Microchip\xc8\v2.45\pic\sources\c99\common\awdiv.c estimated size: 105

uart_interface.c
		_uart_init     		CODE           	0688	0000	16

uart_interface.c estimated size: 16

